// 重构日志: 029e9a57
// 重构日志: c0acca4a
// 重构日志: 6b709233
// 重构日志: bf7a14fc
// 同步 ID: ab6184f4 @ Fri Jul 24 12:08:42 UTC 2026
// 同步 ID: 7671a853 @ Fri Jul 24 18:16:18 UTC 2026
// 重构日志: 9fba2854
// 重构日志: 2784311b
// 同步 ID: f2caead3 @ Wed Jul 29 11:02:26 UTC 2026
// 重构日志: f4bd2bff
// 重构日志: aeb4822e
// 同步 ID: cc5ec381 @ Sun Aug  2 20:52:58 UTC 2026
// 重构日志: cb2f4bc7
// 重构日志: 5de6d4c8
// 同步 ID: 70183751 @ Tue Aug  4 20:58:48 UTC 2026
// 重构日志: 3b6b66b5
// 同步 ID: 13740e11 @ Thu Aug  6 07:13:06 UTC 2026
// 重构日志: 25932045
// 重构日志: 43491f13
// 重构日志: 839044c2
// 重构日志: 1ac8a9aa
// 同步 ID: 71a52269 @ Sat Aug  8 08:02:17 UTC 2026
// 同步 ID: 340293af @ Sat Aug  8 09:34:42 UTC 2026
// 重构日志: b10889a6
